#Original Entry by pokemonpasta
SOURCELONG:Plane-Hopper's Handbook		SOURCESHORT:PHH

###Block: Archetypes
Elemental Companion				KEY:Companion Archetype ~ Elemental Companion			CATEGORY:Archetype					TYPE:Archetype.CompanionArchetype.CF_CompanionEvasion.CF_CompanionImprovedEvasion.CF_CompanionMultiattack		PREMULT:1,[PREABILITY:1,CATEGORY=Archetype,Companion Archetype ~ Elemental Companion],[!PREABILITY:1,CATEGORY=Archetype,TYPE.CF_CompanionEvasion,TYPE.CF_CompanionImprovedEvasion,TYPE.CF_CompanionMultiattack]			DESC:The heart of this companion beats with primal energy.										ABILITY:Companion Class Feature|AUTOMATIC|Elemental Companion ~ Elemental Type|PREVARGTEQ:MasterLevel,1			ABILITY:Companion Class Feature|AUTOMATIC|Elemental Companion ~ Lesser Elemental Manifestation|PREVARGTEQ:MasterLevel,2			ABILITY:Companion Class Feature|AUTOMATIC|Elemental Companion ~ Greater Elemental Manifestation|PREVARGTEQ:MasterLevel,9		COST:0			SOURCEPAGE:p.26		ASPECT:Archetype Base Class|Companion
Elemental Familiar				KEY:Familiar Archetype ~ Elemental Familiar				CATEGORY:Archetype					TYPE:Archetype.FamiliarArchetype.CF_FamiliarImprovedEvasion.CF_FamiliarSpeakwithAnimalsofItsKind				PREMULT:1,[PREABILITY:1,CATEGORY=Archetype,Familiar Archetype ~ Elemental Familiar],[!PREABILITY:1,CATEGORY=Archetype,TYPE.CF_FamiliarImprovedEvasion,TYPE.CF_FamiliarSpeakwithAnimalsofItsKind]						DESC:The raw power of an elemental plane suffuses the body of an elemental familiar.			ABILITY:Familiar Class Feature|AUTOMATIC|Elemental Familiar ~ Elemental Type|PREVARGTEQ:MasterLevel,1			ABILITY:Familiar Class Feature|AUTOMATIC|Elemental Familiar ~ Elemental Manifestation|PREVARGTEQ:MasterLevel,1	ABILITY:Familiar Class Feature|AUTOMATIC|Elemental Familiar ~ Elemental Speech|PREVARGTEQ:MasterLevel,7											COST:0			SOURCEPAGE:p.26		ASPECT:Archetype Base Class|Familiar

###Block: Eidolon Subtypes
Aeon Eidolon
Astral Eidolon
Radiant Eidolon
Storykin Eidolon
Void Eidolon

###Block: Elemental Companion
Elemental Type							KEY:Elemental Companion ~ Elemental Type							CATEGORY:Special Ability			TYPE:CompanionClassFeatures.ArchetypeAbility.SpecialQuality.Extraordinary					DESC:An elemental companion gains a subtype that matches its element: air, earth, fire, or water.		BONUS:ABILITYPOOL|Elemental Companion Subtype Selection|1			SOURCEPAGE:p.26
Lesser Elemental Manifestation			KEY:Elemental Companion ~ Lesser Elemental Manifestation			CATEGORY:Special Ability			TYPE:CompanionClassFeatures.ArchetypeAbility.SpecialQuality.Extraordinary					DESC:At 2nd level, an elemental companion gains one or more special abilities based on its element.																			SOURCEPAGE:p.26
Greater Elemental Manifestation			KEY:Elemental Companion ~ Greater Elemental Manifestation			CATEGORY:Special Ability			TYPE:CompanionClassFeatures.ArchetypeAbility.SpecialQuality.Extraordinary					DESC:At 9th level, an elemental companion gains an additional ability based on its element.																					SOURCEPAGE:p.26

#Lesser Elemental Manifestation .MODs
CATEGORY=Special Ability|Elemental Companion ~ Lesser Elemental Manifestation.MOD		DESC:An air companion gains a 20% miss chance against ranged attacks.|PREABILITY:1,CATEGORY=Internal,Elemental Companion Subtype ~ Air
CATEGORY=Special Ability|Elemental Companion ~ Lesser Elemental Manifestation.MOD		DESC:An earth companion gains DR %1/adamantine.|1+(mastervar("CL=Druid")/4|PREABILITY:1,CATEGORY=Internal,Elemental Companion Subtype ~ Earth
CATEGORY=Special Ability|Elemental Companion ~ Lesser Elemental Manifestation.MOD		DESC:A fire companion can see through fire, fog, and smoke without penalty, and it gains Nimble Moves as a bonus feat.|PREABILITY:1,CATEGORY=Internal,Elemental Companion Subtype ~ Fire																																ABILITY:FEAT|AUTOMATIC|Nimble Moves|PREABILITY:1,CATEGORY=Internal,Elemental Companion Subtype ~ Fire
CATEGORY=Special Ability|Elemental Companion ~ Lesser Elemental Manifestation.MOD		DESC:A water companion can breathe underwater, gains a swim speed of 20 feet, and gains a +2 dodge bonus to AC against attacks of opportunity; a water companion that already has a swim speed instead increases its swim speed by 10 feet.PREABILITY:1,CATEGORY=Internal,Elemental Companion Subtype ~ Water			BONUS:MOVEADD|TYPE.Swim|20|PREMULT:2,[PREMOVE:1,Swim=0],[PREABILITY:1,CATEGORY=Internal,Elemental Companion Subtype ~ Water]		BONUS:MOVEADD|TYPE.Swim|10|PREMULT:2,[!PREMOVE:1,Swim=0],[PREABILITY:1,CATEGORY=Internal,Elemental Companion Subtype ~ Water]

#Greater Elemental Manifestation .MODs
CATEGORY=Special Ability|Elemental Companion ~ Greater Elemental Manifestation.MOD		DESC:An air companion gains a fly speed of 20 feet (good maneuverability); an air companion that already has a fly speed instead improves its maneuverability by one category.|PREABILITY:1,CATEGORY=Internal,Elemental Companion Subtype ~ Air			BONUS:MOVEADD|TYPE.Fly|20|PREMULT:2,[PREMOVE:1,Fly=0],[PREABILITY:1,CATEGORY=Internal,Elemental Companion Subtype ~ Air]		BONUS:VAR|Maneuverability|4|PREMULT:2,[PREMOVE:1,Fly=0],[PREABILITY:1,CATEGORY=Internal,Elemental Companion Subtype ~ Air]		BONUS:VAR|Maneuverability|1|PREMULT:2,[!PREMOVE:1,Fly=0],[PREABILITY:1,CATEGORY=Internal,Elemental Companion Subtype ~ Air]
CATEGORY=Special Ability|Elemental Companion ~ Greater Elemental Manifestation.MOD		DESC:An earth companion’s natural attacks overcome damage reduction as though they were adamantine, cold iron, and silver weapons.|PREABILITY:1,CATEGORY=Internal,Elemental Companion Subtype ~ Earth
CATEGORY=Special Ability|Elemental Companion ~ Greater Elemental Manifestation.MOD		DESC:For a fire companion, choose one natural attack; that attack deals an additional %1d6 points of fire damage.|TL/5|PREABILITY:1,CATEGORY=Internal,Elemental Companion Subtype ~ Fire
CATEGORY=Special Ability|Elemental Companion ~ Greater Elemental Manifestation.MOD		DESC:For a water companion, choose one melee natural attack; that attack gains the push (10 feet) special ability.|PREABILITY:1,CATEGORY=Internal,Elemental Companion Subtype ~ Water

###Block: Elemental Familiar
Elemental Type							KEY:Elemental Familiar ~ Elemental Type								CATEGORY:Special Ability			TYPE:Class Feature.Familiar Class Feature.SpecialQuality.Extraordinary						DESC:An elemental familiar gains a subtype that matches its element: air, earth, fire, or water.		BONUS:ABILITYPOOL|Elemental Familiar Subtype Selection|1			SOURCEPAGE:p.26
Elemental Manifestation					KEY:Elemental Familiar ~ Elemental Manifestation					CATEGORY:Special Ability			TYPE:Class Feature.Familiar Class Feature.SpecialQuality.Extraordinary						DESC:An elemental familiar gains one or more special abilities based on its element.																						SOURCEPAGE:p.26
Elemental Speech						KEY:Elemental Familiar ~ Elemental Speech							CATEGORY:Special Ability			TYPE:Class Feature.Familiar Class Feature.SpecialQuality.Extraordinary.Communicate			DESC:An elemental familiar gains the ability to speak and understand a language based on its element: Aquan (water), Auran (air), Ignan (fire), or Terran (earth).			SOURCEPAGE:p.26

#Elemental Manifestation .MODs
CATEGORY=Special Ability|Elemental Familiar ~ Elemental Manifestation.MOD			DESC:An air familiar gains a fly speed of 20 feet (good maneuverability); an air familiar that already has a fly speed instead improves its maneuverability by one category or increases its fly speed by 10 feet. An air familiar is considered three size categories larger than its actual size when calculating whether it can be moved by wind.|PREABILITY:1,CATEGORY=Internal,Elemental Familiar Subtype ~ Air												BONUS:MOVEADD|TYPE.Fly|20|PREMULT:2,[PREMOVE:1,Fly=0],[PREABILITY:1,CATEGORY=Internal,Elemental Familiar Subtype ~ Air]			BONUS:ABILITYPOOL|AirElementalManifestationFlySelection|1|PREMULT:2,[!PREMOVE:1,Fly=0],[PREABILITY:1,CATEGORY=Internal,Elemental Familiar Subtype ~ Air]
CATEGORY=Special Ability|Elemental Familiar ~ Elemental Manifestation.MOD			DESC:An earth familiar increases the natural armor bonus it gains from its master’s class level by 50% (minimum +1).|PREABILITY:1,CATEGORY=Internal,Elemental Familiar Subtype ~ Earth																																																																				BONUS:VAR|AC_Natural_Armor|(1+MASTERVAR("FamiliarLVL"))/4|TYPE=NaturalArmor.STACK|PREABILITY:1,CATEGORY=Internal,Elemental Familiar Subtype ~ Earth
CATEGORY=Special Ability|Elemental Familiar ~ Elemental Manifestation.MOD			DESC:A fire familiar can spit a globule of fire as a ranged touch attack once every 1d4 rounds; this attack has a range of 30 feet and deals %1d4 fire damage.|mastervar("TL")/3|PREABILITY:1,CATEGORY=Internal,Elemental Familiar Subtype ~ Fire
CATEGORY=Special Ability|Elemental Familiar ~ Elemental Manifestation.MOD			DESC:A water familiar can breathe underwater and gains a swim speed of 20 feet; a water familiar that already has a swim speed instead increases its swim speed by 10 feet. A water familiar also gains a bonus to its CMD when resisting bull rush, drag, reposition, and trip combat maneuvers; this bonus is equal to the natural armor adjustment gained from its master’s level.|PREABILITY:1,CATEGORY=Internal,Elemental Familiar Subtype ~ Water				BONUS:MOVEADD|TYPE.Swim|20|PREMULT:2,[PREMOVE:1,Swim=0],[PREABILITY:1,CATEGORY=Internal,Elemental Familiar Subtype ~ Water]		BONUS:MOVEADD|TYPE.Swim|10|PREMULT:2,[!PREMOVE:1,Swim=0],[PREABILITY:1,CATEGORY=Internal,Elemental Familiar Subtype ~ Water]		BONUS:VAR|CMD_BullRush,CMD_Drag,CMD_Reposition,CMD_Trip|(1+MASTERVAR("FamiliarLVL"))/2|PREABILITY:1,CATEGORY=Internal,Elemental Familiar Subtype ~ Water

#Elemental Speech .MODs
CATEGORY=Special Ability|Elemental Familiar ~ Elemental Speech.MOD					AUTO:LANG|Aquan|PREABILITY:1,CATEGORY=Internal,Elemental Familiar Subtype ~ Water
CATEGORY=Special Ability|Elemental Familiar ~ Elemental Speech.MOD					AUTO:LANG|Auran|PREABILITY:1,CATEGORY=Internal,Elemental Familiar Subtype ~ Air
CATEGORY=Special Ability|Elemental Familiar ~ Elemental Speech.MOD					AUTO:LANG|Ignan|PREABILITY:1,CATEGORY=Internal,Elemental Familiar Subtype ~ Fire
CATEGORY=Special Ability|Elemental Familiar ~ Elemental Speech.MOD					AUTO:LANG|Terran|PREABILITY:1,CATEGORY=Internal,Elemental Familiar Subtype ~ Earth

###Block: Eidolon Subtype Abilities
