#Original Entry by pokemonpasta

###Block: Racial Abilities
ABILITYCATEGORY:Planar Envoy Language Selection				VISIBLE:QUALIFY	EDITABLE:YES	EDITPOOL:YES	FRACTIONALPOOL:NO		CATEGORY:Special Ability	TYPE:PlanarEnvoyLanguageSelection			PLURAL:Planar Envoy Language Selections				DISPLAYLOCATION:Racial Abilities
#Ganzi SLA Oddity has choice between several spells
ABILITYCATEGORY:Expanded Oddity Spell Choice				VISIBLE:QUALIFY	EDITABLE:YES	EDITPOOL:YES	FRACTIONALPOOL:NO		CATEGORY:Special Ability	TYPE:ExpandedOdditySpellChoice				PLURAL:Expanded Oddity Spell Choices				DISPLAYLOCATION:Racial Abilities
#Shabti Ranger FCB
ABILITYCATEGORY:Favored Class Shabti Favored Terrain		VISIBLE:QUALIFY	EDITABLE:YES	EDITPOOL:YES	FRACTIONALPOOL:NO		CATEGORY:Special Ability	TYPE:FavoredClassShabtiFavoredTerrain		PLURAL:Favored Class Shabti Favored Terrains		DISPLAYLOCATION:Class Features

###Block: Feats
#Planar Mentor has specific alignment which determines other abilities.
ABILITYCATEGORY:Planar Mentor Alignment Selection			VISIBLE:QUALIFY	EDITABLE:YES	EDITPOOL:YES	FRACTIONALPOOL:NO		CATEGORY:Internal			TYPE:PlanarMentorAlignmentSelection			PLURAL:Planar Mentor Alignment Selections			DISPLAYLOCATION:Feats
ABILITYCATEGORY:Neutral Planar Mentor Energy Selection		VISIBLE:QUALIFY	EDITABLE:YES	EDITPOOL:YES	FRACTIONALPOOL:NO		CATEGORY:Internal			TYPE:NeutralPlanarMentorEnergySelection		PLURAL:Neutral Planar Mentor Energy Selections		DISPLAYLOCATION:Feats

###Block: Companion/Familiar/Eidolon Abilities
#Elemental Companion and Familiar have specific elemental subtype which determines other abilities.
ABILITYCATEGORY:Elemental Companion Subtype Selection		VISIBLE:QUALIFY	EDITABLE:YES	EDITPOOL:YES	FRACTIONALPOOL:NO		CATEGORY:Internal			TYPE:ElementalCompanionSubtypeSelection		PLURAL:Elemental Companion Subtype Selections		DISPLAYLOCATION:Class Features
ABILITYCATEGORY:Elemental Familiar Subtype Selection		VISIBLE:QUALIFY	EDITABLE:YES	EDITPOOL:YES	FRACTIONALPOOL:NO		CATEGORY:Internal			TYPE:ElementalFamiliarSubtypeSelection		PLURAL:Elemental Familiar Subtype Selections		DISPLAYLOCATION:Class Features
#Air Elemental Familiar choice between maneuverability and bonus fly speed
ABILITYCATEGORY:Air Elemental Manifestation Fly Selection	VISIBLE:QUALIFY	EDITABLE:YES	EDITPOOL:YES	FRACTIONALPOOL:NO		CATEGORY:Internal			TYPE:AirElementalManifestationFlySelection	PLURAL:Air Elemental Manifestation Fly Selections	DISPLAYLOCATION:Class Features
#Eidolons
ABILITYCATEGORY:Aeon Eidolon LVL12 Selection				VISIBLE:QUALIFY	EDITABLE:YES	EDITPOOL:YES	FRACTIONALPOOL:NO		CATEGORY:Internal			TYPE:AeonEidolonLVL12Selection				PLURAL:Aeon Eidolon LVL12 Selections				DISPLAYLOCATION:Class Features
ABILITYCATEGORY:Storykin Eidolon Harrow Suit Selection		VISIBLE:QUALIFY	EDITABLE:YES	EDITPOOL:YES	FRACTIONALPOOL:NO		CATEGORY:Internal			TYPE:StorykinEidolonHarrowSuitSelection		PLURAL:Storykin Eidolon Harrow Suit Selections		DISPLAYLOCATION:Class Features
