#Original Entry by pokemonpasta
SOURCELONG:Plane-Hopper's Handbook		SOURCESHORT:PHH

###Block: Archetypes
Elemental Companion
Elemental Familiar				KEY:Familiar Archetype ~ Elemental Familiar				CATEGORY:Archetype					TYPE:Archetype.FamiliarArchetype.CF_FamiliarImprovedEvasion.CF_FamiliarSpeakwithAnimalsofItsKind		PREMULT:1,[PREABILITY:1,CATEGORY=Archetype,Familiar Archetype ~ Elemental Familiar],[!PREABILITY:1,CATEGORY=Archetype,TYPE.CF_FamiliarImprovedEvasion,TYPE.CF_FamiliarSpeakwithAnimalsofItsKind]			DESC:The raw power of an elemental plane suffuses the body of an elemental familiar.			ABILITY:Familiar Class Feature|AUTOMATIC|Elemental Familiar ~ Elemental Type|PREVARGTEQ:MasterLevel,1	ABILITY:Familiar Class Feature|AUTOMATIC|Elemental Familiar ~ Elemental Manifestation|PREVARGTEQ:MasterLevel,1	ABILITY:Familiar Class Feature|AUTOMATIC|Elemental Familiar ~ Elemental Speech|PREVARGTEQ:MasterLevel,7			COST:0			SOURCEPAGE:p.26		ASPECT:Archetype Base Class|Familiar

###Block: Eidolon Subtypes
Aeon Eidolon
Astral Eidolon
Radiant Eidolon
Storykin Eidolon
Void Eidolon

###Block: Archetype Abilities
#Elemental Companion

#Elemental Familiar
Elemental Type					KEY:Elemental Familiar ~ Elemental Type					CATEGORY:Special Ability			TYPE:Class Feature.Familiar Class Feature.SpecialQuality.Extraordinary						DESC:An elemental familiar gains a subtype that matches its element: air, earth, fire, or water.		BONUS:ABILITYPOOL|ElementalFamiliarSubtypeSelection|1			SOURCEPAGE:p.26
Elemental Manifestation			KEY:Elemental Familiar ~ Elemental Manifestation		CATEGORY:Special Ability			TYPE:Class Feature.Familiar Class Feature.SpecialQuality.Extraordinary						DESC:			SOURCEPAGE:p.26
Elemental Speech				KEY:Elemental Familiar ~ Elemental Speech				CATEGORY:Special Ability			TYPE:Class Feature.Familiar Class Feature.SpecialQuality.Extraordinary.Communicate

###Block: Eidolon Subtype Abilities
