#Original Entry by pokemonpasta
SOURCELONG:Plane-Hopper's Handbook		SOURCESHORT:PHH

###Block: Traits
Acclimatize Alignment			KEY:Trait ~ Acclimatize Alignment				CATEGORY:Special Ability		TYPE:Trait.FaithTrait			PREMULT:1,[PREABILITY:1,CATEGORY=Special Ability,Trait ~ Acclimatize Alignment],[PREVAREQ:BypassTraitRestriction,1],[!PREABILITY:1,CATEGORY=Special Ability,TYPE.FaithTrait]			DESC:Like a climber ascending a mountain, you gradually grow acclimatized to an opposing planar alignment. For each consecutive day you remain on a mildly aligned plane that opposes your alignment, reduce your penalty on Charisma-based checks by 1, to a minimum of 0. This does not affect the penalty from a strongly aligned plane.													SOURCEPAGE:p.3
Internal Compass				KEY:Trait ~ Internal Compass					CATEGORY:Special Ability		TYPE:Trait.MagicTrait			PREMULT:1,[PREABILITY:1,CATEGORY=Special Ability,Trait ~ Internal Compass],[PREVAREQ:BypassTraitRestriction,1],[!PREABILITY:1,CATEGORY=Special Ability,TYPE.MagicTrait]					DESC:You maintain a sense of direction, even on planes where direction is relative. If you are on a plane that has no analogue to north, you automatically know the direction toward the plane’s major dominating feature. If there is no such dominating feature, you instead know the direction of the closest feature significant to one of the plane’s divinities or demigods.			SOURCEPAGE:p.3
Subjective Equilibrium			KEY:Trait ~ Subjective Equilibrium				CATEGORY:Special Ability		TYPE:Trait.CombatTrait			PREMULT:1,[PREABILITY:1,CATEGORY=Special Ability,Trait ~ Subjective Equilibrium],[PREVAREQ:BypassTraitRestriction,1],[!PREABILITY:1,CATEGORY=Special Ability,TYPE.CombatTrait]			DESC:You gain a +2 trait bonus on Wisdom checks to move on a plane with subjective directional gravity, and you gain a +10-foot enhancement bonus to your speed when “falling” on such a plane.																																																SOURCEPAGE:p.3

###Block: Planar Mentor Feat Alignment Selection
Lawful Good						KEY:Planar Mentor Alignment ~ Lawful Good						CATEGORY:Internal		TYPE:PlanarMentorAlignmentSelection			PREALIGN:LG,NG,LN			TEMPBONUS:PC|SAVE|ALL|2
Lawful Neutral					KEY:Planar Mentor Alignment ~ Lawful Neutral					CATEGORY:Internal		TYPE:PlanarMentorAlignmentSelection			PREALIGN:LG,LN,LE,TN										TEMPBONUS:PC|SKILL|ALL|2
Lawful Evil						KEY:Planar Mentor Alignment ~ Lawful Evil						CATEGORY:Internal		TYPE:PlanarMentorAlignmentSelection			PREALIGN:LN,LE,NE
Neutral Good					KEY:Planar Mentor Alignment ~ Neutral Good						CATEGORY:Internal		TYPE:PlanarMentorAlignmentSelection			PREALIGN:LG,NG,TN,CG		TEMPBONUS:PC|SAVE|ALL|2			TEMPBONUS:PC|SKILL|ALL|2
True Neutral					KEY:Planar Mentor Alignment ~ True Neutral						CATEGORY:Internal		TYPE:PlanarMentorAlignmentSelection			PREALIGN:LN,NG,TN,NE,CN										TEMPBONUS:PC|SKILL|ALL|2		BONUS:VAR|PlanarMentorTimes|1
Neutral Evil					KEY:Planar Mentor Alignment ~ Neutral Evil						CATEGORY:Internal		TYPE:PlanarMentorAlignmentSelection			PREALIGN:LE,TN,NE,CE										TEMPBONUS:PC|SKILL|ALL|2
Chaotic Good					KEY:Planar Mentor Alignment ~ Chaotic Good						CATEGORY:Internal		TYPE:PlanarMentorAlignmentSelection			PREALIGN:NG,CG,CN			TEMPBONUS:PC|SAVE|ALL|2
Chaotic Neutral					KEY:Planar Mentor Alignment ~ Chaotic Neutral					CATEGORY:Internal		TYPE:PlanarMentorAlignmentSelection			PREALIGN:TN,CG,CN,CE										TEMPBONUS:PC|SKILL|ALL|2
Chaotic Evil					KEY:Planar Mentor Alignment ~ Chaotic Evil						CATEGORY:Internal		TYPE:PlanarMentorAlignmentSelection			PREALIGN:NE,CN,CE

###Block: Aeon Eidolon LVL12 Selection
Emotions						KEY:Aeon ~ LVL12 Emotions										CATEGORY:Internal		TYPE:AeonEidolonLVL12Selection
Time							KEY:Aeon ~ LVL12 Time											CATEGORY:Internal		TYPE:AeonEidolonLVL12Selection

###Block: Storykin Eidolon Harrow Suit Selection
Suit of Hammers					KEY:Storykin ~ Suit of Hammers									CATEGORY:Internal		TYPE:StorykinEidolonHarrowSuitSelection		DEFINE:StorykinEidolonSuitHammers|0		BONUS:VAR|StorykinEidolonSuitHammers|1
Suit of Shields					KEY:Storykin ~ Suit of Shields									CATEGORY:Internal		TYPE:StorykinEidolonHarrowSuitSelection		DEFINE:StorykinEidolonSuitShields|0		BONUS:VAR|StorykinEidolonSuitShields|1
Suit of Books					KEY:Storykin ~ Suit of Books									CATEGORY:Internal		TYPE:StorykinEidolonHarrowSuitSelection		DEFINE:StorykinEidolonSuitBooks|0		BONUS:VAR|StorykinEidolonSuitBooks|1
Suit of Keys					KEY:Storykin ~ Suit of Keys										CATEGORY:Internal		TYPE:StorykinEidolonHarrowSuitSelection		DEFINE:StorykinEidolonSuitKeys|0		BONUS:VAR|StorykinEidolonSuitKeys|1
Suit of Crowns					KEY:Storykin ~ Suit of Crowns									CATEGORY:Internal		TYPE:StorykinEidolonHarrowSuitSelection		DEFINE:StorykinEidolonSuitCrowns|0		BONUS:VAR|StorykinEidolonSuitCrowns|1
Suit of Stars					KEY:Storykin ~ Suit of Stars									CATEGORY:Internal		TYPE:StorykinEidolonHarrowSuitSelection		DEFINE:StorykinEidolonSuitStars|0		BONUS:VAR|StorykinEidolonSuitStars|1

###Block: Elemental Companion Subtype Selection
Air								KEY:Elemental Companion Subtype ~ Air							CATEGORY:Internal		TYPE:ElementalCompanionSubtypeSelection
Earth							KEY:Elemental Companion Subtype ~ Earth							CATEGORY:Internal		TYPE:ElementalCompanionSubtypeSelection
Fire							KEY:Elemental Companion Subtype ~ Fire							CATEGORY:Internal		TYPE:ElementalCompanionSubtypeSelection
Water							KEY:Elemental Companion Subtype ~ Water							CATEGORY:Internal		TYPE:ElementalCompanionSubtypeSelection

###Block: Elemental Familiar Subtype Selection
Air								KEY:Elemental Familiar Subtype ~ Air							CATEGORY:Internal		TYPE:ElementalFamiliarSubtypeSelection
Earth							KEY:Elemental Familiar Subtype ~ Earth							CATEGORY:Internal		TYPE:ElementalFamiliarSubtypeSelection
Fire							KEY:Elemental Familiar Subtype ~ Fire							CATEGORY:Internal		TYPE:ElementalFamiliarSubtypeSelection
Water							KEY:Elemental Familiar Subtype ~ Water							CATEGORY:Internal		TYPE:ElementalFamiliarSubtypeSelection

#Air Elemental Manifestation Fly Selection
Bonus Maneuverability			KEY:Air Elemental Manifestation ~ Bonus Maneuverability			CATEGORY:Internal		TYPE:AirElementalManifestationFlySelection		BONUS:VAR|Maneuverability|1
Bonus Fly Speed					KEY:Air Elemental Manifestation ~ Bonus Fly Speed				CATEGORY:Internal		TYPE:AirElementalManifestationFlySelection		BONUS:MOVEADD|TYPE.Fly|10
