#Original Entry by pokemonpasta
SOURCELONG:Plane-Hopper's Handbook		SOURCESHORT:PHH

#.MOD to set up kits for Well-Provisioned Adventurer Trait
CATEGORY=Special Ability|Trait ~ Well-Provisioned Adventurer.MOD			KIT:1|Blessed Warden Package (Trait)|Corporeal Warrior Package (Trait)|Planar Traveler Package (Trait)

###Block: Traits
Acclimatize Alignment			KEY:Trait ~ Acclimatize Alignment				CATEGORY:Special Ability		TYPE:Trait.FaithTrait			PREMULT:1,[PREABILITY:1,CATEGORY=Special Ability,Trait ~ Acclimatize Alignment],[PREVAREQ:BypassTraitRestriction,1],[!PREABILITY:1,CATEGORY=Special Ability,TYPE.FaithTrait]			DESC:Like a climber ascending a mountain, you gradually grow acclimatized to an opposing planar alignment. For each consecutive day you remain on a mildly aligned plane that opposes your alignment, reduce your penalty on Charisma-based checks by 1, to a minimum of 0. This does not affect the penalty from a strongly aligned plane.													SOURCEPAGE:p.3
Internal Compass				KEY:Trait ~ Internal Compass					CATEGORY:Special Ability		TYPE:Trait.MagicTrait			PREMULT:1,[PREABILITY:1,CATEGORY=Special Ability,Trait ~ Internal Compass],[PREVAREQ:BypassTraitRestriction,1],[!PREABILITY:1,CATEGORY=Special Ability,TYPE.MagicTrait]					DESC:You maintain a sense of direction, even on planes where direction is relative. If you are on a plane that has no analogue to north, you automatically know the direction toward the plane’s major dominating feature. If there is no such dominating feature, you instead know the direction of the closest feature significant to one of the plane’s divinities or demigods.			SOURCEPAGE:p.3
Subjective Equilibrium			KEY:Trait ~ Subjective Equilibrium				CATEGORY:Special Ability		TYPE:Trait.CombatTrait			PREMULT:1,[PREABILITY:1,CATEGORY=Special Ability,Trait ~ Subjective Equilibrium],[PREVAREQ:BypassTraitRestriction,1],[!PREABILITY:1,CATEGORY=Special Ability,TYPE.CombatTrait]			DESC:You gain a +2 trait bonus on Wisdom checks to move on a plane with subjective directional gravity, and you gain a +10-foot enhancement bonus to your speed when “falling” on such a plane.																																																SOURCEPAGE:p.3

###Block: Planar Mentor Feat Alignment Selection
Lawful Good						KEY:Planar Mentor Alignment ~ Lawful Good			CATEGORY:Internal		TYPE:PlanarMentorAlignmentSelection			PREALIGN:LG,NG,LN			TEMPBONUS:PC|SAVE|ALL|2
Lawful Neutral					KEY:Planar Mentor Alignment ~ Lawful Neutral		CATEGORY:Internal		TYPE:PlanarMentorAlignmentSelection			PREALIGN:LG,LN,LE,TN										TEMPBONUS:PC|SKILL|ALL|2
Lawful Evil						KEY:Planar Mentor Alignment ~ Lawful Evil			CATEGORY:Internal		TYPE:PlanarMentorAlignmentSelection			PREALIGN:LN,LE,NE
Neutral Good					KEY:Planar Mentor Alignment ~ Neutral Good			CATEGORY:Internal		TYPE:PlanarMentorAlignmentSelection			PREALIGN:LG,NG,TN,CG		TEMPBONUS:PC|SAVE|ALL|2			TEMPBONUS:PC|SKILL|ALL|2
True Neutral					KEY:Planar Mentor Alignment ~ True Neutral			CATEGORY:Internal		TYPE:PlanarMentorAlignmentSelection			PREALIGN:LN,NG,TN,NE,CN										TEMPBONUS:PC|SKILL|ALL|2		BONUS:VAR|PlanarMentorTimes|1
Neutral Evil					KEY:Planar Mentor Alignment ~ Neutral Evil			CATEGORY:Internal		TYPE:PlanarMentorAlignmentSelection			PREALIGN:LE,TN,NE,CE										TEMPBONUS:PC|SKILL|ALL|2
Chaotic Good					KEY:Planar Mentor Alignment ~ Chaotic Good			CATEGORY:Internal		TYPE:PlanarMentorAlignmentSelection			PREALIGN:NG,CG,CN			TEMPBONUS:PC|SAVE|ALL|2
Chaotic Neutral					KEY:Planar Mentor Alignment ~ Chaotic Neutral		CATEGORY:Internal		TYPE:PlanarMentorAlignmentSelection			PREALIGN:TN,CG,CN,CE										TEMPBONUS:PC|SKILL|ALL|2
Chaotic Evil					KEY:Planar Mentor Alignment ~ Chaotic Evil			CATEGORY:Internal		TYPE:PlanarMentorAlignmentSelection			PREALIGN:NE,CN,CE
